Microchip MPLAB XC8 Compiler V1.43 ()

Linker command line:

-W-3 --edf=D:\Program Files (x86)\Microchip\xc8\v1.43\dat\en_msgs.txt -cs \
  -h+dist/default/production\310-Project-Final.X.production.sym \
  --cmf=dist/default/production\310-Project-Final.X.production.cmf -z \
  -Q18F45K20 -oC:\Users\David\AppData\Local\Temp\skmc.2 \
  -Mdist/default/production/310-Project-Final.X.production.map -E1 -ver=XC8 \
  --acfsm=1493 -ASTACK=016Ah-05ffh -pstack=STACK -ACODE=00h-07FFFh \
  -ACONST=00h-07FFFh -ASMALLCONST=0600h-06FFhx122 \
  -AMEDIUMCONST=0600h-07FFFh -ACOMRAM=01h-05Fh -AABS1=00h-05FFh \
  -ABIGRAM=01h-05FFh -ARAM=060h-0FFh,0100h-01FFhx5 -ABANK0=060h-0FFh \
  -ABANK1=0100h-01FFh -ABANK2=0200h-02FFh -ABANK3=0300h-03FFh \
  -ABANK4=0400h-04FFh -ABANK5=0500h-05FFh -ASFR=0F60h-0FFFh \
  -preset_vec=00h,intcode=08h,intcodelo,powerup,init -pramtop=0600h \
  -psmallconst=SMALLCONST -pmediumconst=MEDIUMCONST -pconst=CONST \
  -AFARRAM=00h-00h -ACONFIG=0300000h-030000Dh -pconfig=CONFIG \
  -AIDLOC=0200000h-0200007h -pidloc=IDLOC -AEEDATA=0F00000h-0F000FFh \
  -peeprom_data=EEDATA \
  -prdata=COMRAM,nvrram=COMRAM,nvbit=COMRAM,rbss=COMRAM,rbit=COMRAM \
  -pfarbss=FARRAM,fardata=FARRAM,nvFARRAM=FARRAM \
  -pintsave_regs=BIGRAM,bigbss=BIGRAM,bigdata=BIGRAM -pbss=RAM \
  -pidata=CODE,irdata=CODE,ibigdata=CODE,ifardata=CODE -prparam=COMRAM \
  C:\Users\David\AppData\Local\Temp\skmc.obj \
  dist/default/production\310-Project-Final.X.production.obj 

Object code version is 3.11

Machine type is 18F45K20

Call graph: (short form)




                Name                               Link     Load   Length Selector   Space Scale
C:\Users\David\AppData\Local\Temp\skmc.obj
                init                                1D0      1D0        4        4       0
                reset_vec                             0        0        4        0       0
                idloc                            200000   200000        8   200000       0
                config                           300000   300000        E   300000       0
dist/default/production\310-Project-Final.X.production.obj
                intcode                               8        8      1C8        4       0
                temp                                 4B       4B        1        1       1
                smallconst                          600      600       8C      300       0
                text23                             2B36     2B36       52      346       0
                text22                             252A     252A       EC      346       0
                text21                             1AB8     1AB8      4CE      346       0
                text20                             1562     1562      556      346       0
                text19                             2C82     2C82       2A     1641       0
                text18                             2D06     2D06       16     1641       0
                text17                             2CF0     2CF0       16     1641       0
                text16                             2CCE     2CCE       22     1641       0
                text15                             2C1A     2C1A       34      346       0
                text14                             2ADE     2ADE       58      346       0
                text13                             2A86     2A86       58      346       0
                text12                              E62      E62      700      346       0
                text11                             2B88     2B88       4A      346       0
                text10                             23C2     23C2      168      346       0
                text9                              21DC     21DC      1E6      346       0
                text8                              2872     2872       96      346       0
                text7                              26F4     26F4       C4      346       0
                text6                              27B8     27B8       BA      346       0
                text5                              2CAC     2CAC       22     1641       0
                text4                              2616     2616       DE      346       0
                text3                              2908     2908       88      346       0
                text2                              2A0E     2A0E       78      346       0
                text1                              1F86     1F86      256      346       0
                text0                               68C      68C      7D6      346       0
                cstackCOMRAM                          1        1       38        1       1
                cstackBANK0                          60       60       52       60       1
                cstackBANK1                         148      148       22      100       1
                dataBANK1                           100      100       48      100       1
                dataBANK0                            B2       B2       33       60       1
                bssBANK0                             E5       E5        8       60       1
                dataCOMRAM                           39       39       10        1       1
                bssCOMRAM                            49       49        2        1       1
                cinit                              2990     2990       7E      346       0
                idataBANK1                         2BD2     2BD2       48      346       0
                idataBANK0                         2C4E     2C4E       33      346       0
                idataCOMRAM                        2D1C     2D1C       10     1641       0

TOTAL           Name                               Link     Load   Length     Space
        CLASS   STACK          

        CLASS   CODE           
                intcode                               8        8      1C8         0
                init                                1D0      1D0        4         0
                reset_vec                             0        0        4         0
                text23                             2B36     2B36       52         0
                text22                             252A     252A       EC         0
                text21                             1AB8     1AB8      4CE         0
                text20                             1562     1562      556         0
                text19                             2C82     2C82       2A         0
                text18                             2D06     2D06       16         0
                text17                             2CF0     2CF0       16         0
                text16                             2CCE     2CCE       22         0
                text15                             2C1A     2C1A       34         0
                text14                             2ADE     2ADE       58         0
                text13                             2A86     2A86       58         0
                text12                              E62      E62      700         0
                text11                             2B88     2B88       4A         0
                text10                             23C2     23C2      168         0
                text9                              21DC     21DC      1E6         0
                text8                              2872     2872       96         0
                text7                              26F4     26F4       C4         0
                text6                              27B8     27B8       BA         0
                text5                              2CAC     2CAC       22         0
                text4                              2616     2616       DE         0
                text3                              2908     2908       88         0
                text2                              2A0E     2A0E       78         0
                text1                              1F86     1F86      256         0
                text0                               68C      68C      7D6         0
                cinit                              2990     2990       7E         0
                idataBANK1                         2BD2     2BD2       48         0
                idataBANK0                         2C4E     2C4E       33         0
                idataCOMRAM                        2D1C     2D1C       10         0

        CLASS   CONST          

        CLASS   SMALLCONST     
                smallconst                          600      600       8C         0

        CLASS   MEDIUMCONST    

        CLASS   COMRAM         
                temp                                 4B       4B        1         1
                cstackCOMRAM                          1        1       38         1
                dataCOMRAM                           39       39       10         1
                bssCOMRAM                            49       49        2         1

        CLASS   ABS1           

        CLASS   BIGRAM         

        CLASS   RAM            

        CLASS   BANK0          
                cstackBANK0                          60       60       52         1
                dataBANK0                            B2       B2       33         1
                bssBANK0                             E5       E5        8         1

        CLASS   BANK1          
                cstackBANK1                         148      148       22         1
                dataBANK1                           100      100       48         1

        CLASS   BANK2          

        CLASS   BANK3          

        CLASS   BANK4          

        CLASS   BANK5          

        CLASS   SFR            

        CLASS   FARRAM         

        CLASS   CONFIG         
                config                           300000   300000        E         0

        CLASS   IDLOC          
                idloc                            200000   200000        8         0

        CLASS   EEDATA         



SEGMENTS        Name                           Load    Length   Top    Selector   Space  Class

                reset_vec                      000000  000004  000004         0       0  CODE    
                cstackCOMRAM                   000001  00004B  00004C         1       1  COMRAM  
                intcode                        000008  0001CC  0001D4         4       0  CODE    
                cstackBANK0                    000060  00008D  0000ED        60       1  BANK0   
                dataBANK1                      000100  00006A  00016A       100       1  BANK1   
                smallconst                     000600  00008C  00068C       300       0  SMALLCON
                text0                          00068C  0025F5  002C81       346       0  CODE    
                text19                         002C82  0000AA  002D2C      1641       0  CODE    
                idloc                          200000  000008  200008    200000       0  IDLOC   
                config                         300000  00000E  30000E    300000       0  CONFIG  


UNUSED ADDRESS RANGES

        Name                Unused          Largest block    Delta
        BANK0            0000ED-0000FF               13
        BANK1            00016A-0001FF               96
        BANK2            000200-0002FF              100
        BANK3            000300-0003FF              100
        BANK4            000400-0004FF              100
        BANK5            000500-0005FF              100
        BIGRAM           00004C-00005F               14
                         0000ED-0000FF               13
                         00016A-0005FF              496
        CODE             000004-000007                4
                         0001D4-0005FF              42C
                         002C81-002C81                1
                         002D2C-007FFF             52D4
        COMRAM           00004C-00005F               14
        CONST            000004-000007                4
                         0001D4-0005FF              42C
                         002C81-002C81                1
                         002D2C-007FFF             52D4
        EEDATA           F00000-F000FF              100
        MEDIUMCONST      002C81-002C81                1
                         002D2C-007FFF             52D4
        RAM              0000ED-0000FF               13
                         00016A-0005FF              100
        SFR              000F60-000FFF               A0
        SMALLCONST       002C81-002C81                1
                         002D2C-007FFF              100
        STACK            00016A-0005FF              496

                                  Symbol Table

?___awdiv                cstackCOMRAM 000015
?___fladd                cstackBANK0  000082
?___fldiv                cstackCOMRAM 00002F
?___flmul                cstackCOMRAM 000023
?___flneg                cstackBANK0  00007E
?___fltol                cstackBANK0  000096
?___lwdiv                cstackCOMRAM 000015
?___lwmod                cstackCOMRAM 00001C
?___wmul                 cstackCOMRAM 000015
?___xxtofl               cstackCOMRAM 000015
?_read_adc0              cstackCOMRAM 000015
?_read_adc1              cstackCOMRAM 000015
?_round                  cstackBANK0  0000A8
?_sprintf                cstackCOMRAM 000021
?_trunc                  cstackBANK0  00009E
_ADCON0                  (abs)        000FC2
_ADCON0bits              (abs)        000FC2
_ADCON1                  (abs)        000FC1
_ADCON2                  (abs)        000FC0
_ADRESH                  (abs)        000FC4
_ADRESL                  (abs)        000FC3
_ANSEL                   (abs)        000F7E
_ANSELbits               (abs)        000F7E
_CCP1CONbits             (abs)        000FBD
_CCPR1                   (abs)        000FBE
_CCP_timer_init          text23       002B36
_INTCON2bits             (abs)        000FF1
_INTCONbits              (abs)        000FF2
_IPR1bits                (abs)        000F9F
_OSCCON                  (abs)        000FD3
_PIE1bits                (abs)        000F9D
_PIR1bits                (abs)        000F9E
_PORTB                   (abs)        000F81
_PORTBbits               (abs)        000F81
_PORTC                   (abs)        000F82
_PORTD                   (abs)        000F83
_RB0                     (abs)        007C08
_RB1                     (abs)        007C09
_RCONbits                (abs)        000FD0
_SSPCON1bits             (abs)        000FC6
_SSPCON2bits             (abs)        000FC5
_SSPIF                   (abs)        007CF3
_T0CONbits               (abs)        000FD5
_T1CONbits               (abs)        000FCD
_T3CONbits               (abs)        000FB1
_TMR0                    (abs)        000FD6
_TMR1H                   (abs)        000FCF
_TMR1L                   (abs)        000FCE
_TRISA                   (abs)        000F92
_TRISB                   (abs)        000F93
_TRISC                   (abs)        000F94
_TRISCbits               (abs)        000F94
_TRISD                   (abs)        000F95
__CFG_BOREN$OFF          (abs)        000000
__CFG_BORV$30            (abs)        000000
__CFG_CCP2MX$PORTC       (abs)        000000
__CFG_CP0$OFF            (abs)        000000
__CFG_CP1$OFF            (abs)        000000
__CFG_CP2$OFF            (abs)        000000
__CFG_CP3$OFF            (abs)        000000
__CFG_CPB$OFF            (abs)        000000
__CFG_CPD$OFF            (abs)        000000
__CFG_EBTR0$OFF          (abs)        000000
__CFG_EBTR1$OFF          (abs)        000000
__CFG_EBTR2$OFF          (abs)        000000
__CFG_EBTR3$OFF          (abs)        000000
__CFG_EBTRB$OFF          (abs)        000000
__CFG_FCMEN$OFF          (abs)        000000
__CFG_FOSC$INTIO67       (abs)        000000
__CFG_HFOFST$OFF         (abs)        000000
__CFG_IESO$OFF           (abs)        000000
__CFG_LPT1OSC$OFF        (abs)        000000
__CFG_LVP$OFF            (abs)        000000
__CFG_MCLRE$OFF          (abs)        000000
__CFG_PBADEN$OFF         (abs)        000000
__CFG_PWRT$ON            (abs)        000000
__CFG_STVREN$ON          (abs)        000000
__CFG_WDTEN$OFF          (abs)        000000
__CFG_WDTPS$32768        (abs)        000000
__CFG_WRT0$OFF           (abs)        000000
__CFG_WRT1$OFF           (abs)        000000
__CFG_WRT2$OFF           (abs)        000000
__CFG_WRT3$OFF           (abs)        000000
__CFG_WRTB$OFF           (abs)        000000
__CFG_WRTC$OFF           (abs)        000000
__CFG_WRTD$OFF           (abs)        000000
__CFG_XINST$OFF          (abs)        000000
__HRAM                   (abs)        000000
__Habs1                  abs1         000000
__Hbank0                 bank0        000000
__Hbank1                 bank1        000000
__Hbank2                 bank2        000000
__Hbank3                 bank3        000000
__Hbank4                 bank4        000000
__Hbank5                 bank5        000000
__Hbigbss                bigbss       000000
__Hbigdata               bigdata      000000
__Hbigram                bigram       000000
__Hbss                   bss          000000
__HbssBANK0              bssBANK0     000000
__HbssCOMRAM             bssCOMRAM    000000
__Hcinit                 cinit        000000
__Hclrtext               clrtext      000000
__Hcomram                comram       000000
__Hconfig                config       30000E
__Hconst                 const        000000
__HcstackBANK0           cstackBANK0  000000
__HcstackBANK1           cstackBANK1  000000
__HcstackCOMRAM          cstackCOMRAM 000000
__Hdata                  data         000000
__HdataBANK0             dataBANK0    000000
__HdataBANK1             dataBANK1    000000
__HdataCOMRAM            dataCOMRAM   000000
__Heeprom_data           eeprom_data  000000
__Hfarbss                farbss       000000
__Hfardata               fardata      000000
__Hibigdata              ibigdata     000000
__Hidata                 idata        000000
__HidataBANK0            idataBANK0   000000
__HidataBANK1            idataBANK1   000000
__HidataCOMRAM           idataCOMRAM  000000
__Hidloc                 idloc        200008
__Hifardata              ifardata     000000
__Hinit                  init         0001D4
__Hintcode               intcode      0001D0
__Hintcode_body          intcode_body 000000
__Hintcodelo             intcodelo    0001D0
__Hintentry              intentry     000000
__Hintret                intret       000000
__Hintsave_regs          intsave_regs 000000
__Hirdata                irdata       000000
__Hmediumconst           mediumconst  000000
__HnvFARRAM              nvFARRAM     000000
__Hnvbit                 nvbit        000000
__Hnvrram                nvrram       000000
__Hparam                 rparam       000000
__Hpowerup               powerup      0001D0
__Hram                   ram          000000
__Hramtop                ramtop       000600
__Hrbit                  rbit         000000
__Hrbss                  rbss         000000
__Hrdata                 rdata        000000
__Hreset_vec             reset_vec    000004
__Hrparam                rparam       000000
__Hsfr                   sfr          000000
__Hsmallconst            smallconst   00068C
__Hspace_0               (abs)        30000E
__Hspace_1               (abs)        00016A
__Hspace_2               (abs)        000000
__Hstack                 stack        000000
__Hstruct                struct       000000
__Htemp                  temp         00004C
__Htext                  text         000000
__Htext0                 text0        000000
__Htext1                 text1        000000
__Htext10                text10       000000
__Htext11                text11       000000
__Htext12                text12       000000
__Htext13                text13       000000
__Htext14                text14       000000
__Htext15                text15       000000
__Htext16                text16       000000
__Htext17                text17       000000
__Htext18                text18       000000
__Htext19                text19       000000
__Htext2                 text2        000000
__Htext20                text20       000000
__Htext21                text21       000000
__Htext22                text22       000000
__Htext23                text23       000000
__Htext3                 text3        000000
__Htext4                 text4        000000
__Htext5                 text5        000000
__Htext6                 text6        000000
__Htext7                 text7        000000
__Htext8                 text8        000000
__Htext9                 text9        000000
__LRAM                   (abs)        000001
__Labs1                  abs1         000000
__Lbank0                 bank0        000000
__Lbank1                 bank1        000000
__Lbank2                 bank2        000000
__Lbank3                 bank3        000000
__Lbank4                 bank4        000000
__Lbank5                 bank5        000000
__Lbigbss                bigbss       000000
__Lbigdata               bigdata      000000
__Lbigram                bigram       000000
__Lbss                   bss          000000
__LbssBANK0              bssBANK0     000000
__LbssCOMRAM             bssCOMRAM    000000
__Lcinit                 cinit        000000
__Lclrtext               clrtext      000000
__Lcomram                comram       000000
__Lconfig                config       300000
__Lconst                 const        000000
__LcstackBANK0           cstackBANK0  000000
__LcstackBANK1           cstackBANK1  000000
__LcstackCOMRAM          cstackCOMRAM 000000
__Ldata                  data         000000
__LdataBANK0             dataBANK0    000000
__LdataBANK1             dataBANK1    000000
__LdataCOMRAM            dataCOMRAM   000000
__Leeprom_data           eeprom_data  000000
__Lfarbss                farbss       000000
__Lfardata               fardata      000000
__Libigdata              ibigdata     000000
__Lidata                 idata        000000
__LidataBANK0            idataBANK0   000000
__LidataBANK1            idataBANK1   000000
__LidataCOMRAM           idataCOMRAM  000000
__Lidloc                 idloc        200000
__Lifardata              ifardata     000000
__Linit                  init         0001D0
__Lintcode               intcode      000008
__Lintcode_body          intcode_body 000000
__Lintcodelo             intcodelo    0001D0
__Lintentry              intentry     000000
__Lintret                intret       000000
__Lintsave_regs          intsave_regs 000000
__Lirdata                irdata       000000
__Lmediumconst           mediumconst  000000
__LnvFARRAM              nvFARRAM     000000
__Lnvbit                 nvbit        000000
__Lnvrram                nvrram       000000
__Lparam                 rparam       000000
__Lpowerup               powerup      0001D0
__Lram                   ram          000000
__Lramtop                ramtop       000600
__Lrbit                  rbit         000000
__Lrbss                  rbss         000000
__Lrdata                 rdata        000000
__Lreset_vec             reset_vec    000000
__Lrparam                rparam       000000
__Lsfr                   sfr          000000
__Lsmallconst            smallconst   000600
__Lspace_0               (abs)        000000
__Lspace_1               (abs)        000000
__Lspace_2               (abs)        000000
__Lstack                 stack        000000
__Lstruct                struct       000000
__Ltemp                  temp         00004B
__Ltext                  text         000000
__Ltext0                 text0        000000
__Ltext1                 text1        000000
__Ltext10                text10       000000
__Ltext11                text11       000000
__Ltext12                text12       000000
__Ltext13                text13       000000
__Ltext14                text14       000000
__Ltext15                text15       000000
__Ltext16                text16       000000
__Ltext17                text17       000000
__Ltext18                text18       000000
__Ltext19                text19       000000
__Ltext2                 text2        000000
__Ltext20                text20       000000
__Ltext21                text21       000000
__Ltext22                text22       000000
__Ltext23                text23       000000
__Ltext3                 text3        000000
__Ltext4                 text4        000000
__Ltext5                 text5        000000
__Ltext6                 text6        000000
__Ltext7                 text7        000000
__Ltext8                 text8        000000
__Ltext9                 text9        000000
__S0                     (abs)        30000E
__S1                     (abs)        00016A
__S2                     (abs)        000000
___awdiv                 text22       00252A
___awdiv@counter         cstackCOMRAM 000019
___awdiv@dividend        cstackCOMRAM 000015
___awdiv@divisor         cstackCOMRAM 000017
___awdiv@quotient        cstackCOMRAM 00001B
___awdiv@sign            cstackCOMRAM 00001A
___fladd                 text12       000E62
___fladd@a               cstackBANK0  000086
___fladd@aexp            cstackBANK0  000093
___fladd@b               cstackBANK0  000082
___fladd@bexp            cstackBANK0  000094
___fladd@grs             cstackBANK0  000095
___fladd@signs           cstackBANK0  000092
___fldiv                 text21       001AB8
___fldiv@a               cstackCOMRAM 000033
___fldiv@aexp            cstackBANK0  00007D
___fldiv@b               cstackCOMRAM 00002F
___fldiv@bexp            cstackBANK0  00007C
___fldiv@grs             cstackBANK0  000078
___fldiv@new_exp         cstackBANK0  000076
___fldiv@rem             cstackBANK0  000072
___fldiv@sign            cstackBANK0  000071
___flmul                 text20       001562
___flmul@a               cstackCOMRAM 000027
___flmul@aexp            cstackBANK0  000061
___flmul@b               cstackCOMRAM 000023
___flmul@bexp            cstackBANK0  000066
___flmul@grs             cstackBANK0  000062
___flmul@prod            cstackBANK0  000067
___flmul@sign            cstackBANK0  000060
___flmul@temp            cstackBANK0  00006B
___flneg                 text11       002B88
___flneg@f1              cstackBANK0  00007E
___fltol                 text10       0023C2
___fltol@exp1            cstackCOMRAM 000038
___fltol@f1              cstackBANK0  000096
___fltol@sign1           cstackCOMRAM 000037
___inthi_sp              stack        000000
___intlo_sp              stack        000000
___lwdiv                 text3        002908
___lwdiv@counter         cstackCOMRAM 000019
___lwdiv@dividend        cstackCOMRAM 000015
___lwdiv@divisor         cstackCOMRAM 000017
___lwdiv@quotient        cstackCOMRAM 00001A
___lwmod                 text2        002A0E
___lwmod@counter         cstackCOMRAM 000020
___lwmod@dividend        cstackCOMRAM 00001C
___lwmod@divisor         cstackCOMRAM 00001E
___param_bank            (abs)        000000
___rparam_used           (abs)        000001
___sp                    stack        000000
___wmul                  text19       002C82
___wmul@multiplicand     cstackCOMRAM 000017
___wmul@multiplier       cstackCOMRAM 000015
___wmul@product          cstackCOMRAM 000019
___xxtofl                text9        0021DC
___xxtofl@arg            cstackCOMRAM 00001F
___xxtofl@exp            cstackCOMRAM 00001E
___xxtofl@sign           cstackCOMRAM 00001D
___xxtofl@val            cstackCOMRAM 000015
__accesstop              (abs)        000060
__activetblptr           (abs)        000002
__end_of_CCP_timer_init  text23       002B88
__end_of___awdiv         text22       002616
__end_of___fladd         text12       001562
__end_of___fldiv         text21       001F86
__end_of___flmul         text20       001AB8
__end_of___flneg         text11       002BD2
__end_of___fltol         text10       00252A
__end_of___lwdiv         text3        002990
__end_of___lwmod         text2        002A86
__end_of___wmul          text19       002CAC
__end_of___xxtofl        text9        0023C2
__end_of__initialization cinit        002A00
__end_of_adc0_init       text18       002D1C
__end_of_adc1_init       text17       002D06
__end_of_arp_gen         intcode      0001D0
__end_of_dpowers         smallconst   00067D
__end_of_frexp           text8        002908
__end_of_lcd_init        text15       002C4E
__end_of_lcdcmd          text16       002CF0
__end_of_lcddata         text5        002CCE
__end_of_main            text0        000E62
__end_of_read_adc0       text14       002B36
__end_of_read_adc1       text13       002ADE
__end_of_round           text6        002872
__end_of_screen_setup    text4        0026F4
__end_of_sequence_maj    smallconst   000673
__end_of_sequence_min    smallconst   000667
__end_of_sprintf         text1        0021DC
__end_of_tone_counts     smallconst   00065B
__end_of_trunc           text7        0027B8
__initialization         cinit        002990
__mediumconst            mediumconst  000000
__pbssBANK0              bssBANK0     0000E5
__pbssCOMRAM             bssCOMRAM    000049
__pcinit                 cinit        002990
__pcstackBANK0           cstackBANK0  000060
__pcstackBANK1           cstackBANK1  000148
__pcstackCOMRAM          cstackCOMRAM 000001
__pdataBANK0             dataBANK0    0000B2
__pdataBANK1             dataBANK1    000100
__pdataCOMRAM            dataCOMRAM   000039
__pidataBANK0            idataBANK0   002C4E
__pidataBANK1            idataBANK1   002BD2
__pidataCOMRAM           idataCOMRAM  002D1C
__pintcode               intcode      000008
__psmallconst            smallconst   000600
__ptext0                 text0        00068C
__ptext1                 text1        001F86
__ptext10                text10       0023C2
__ptext11                text11       002B88
__ptext12                text12       000E62
__ptext13                text13       002A86
__ptext14                text14       002ADE
__ptext15                text15       002C1A
__ptext16                text16       002CCE
__ptext17                text17       002CF0
__ptext18                text18       002D06
__ptext19                text19       002C82
__ptext2                 text2        002A0E
__ptext20                text20       001562
__ptext21                text21       001AB8
__ptext22                text22       00252A
__ptext23                text23       002B36
__ptext3                 text3        002908
__ptext4                 text4        002616
__ptext5                 text5        002CAC
__ptext6                 text6        0027B8
__ptext7                 text7        0026F4
__ptext8                 text8        002872
__ptext9                 text9        0021DC
__ramtop                 ramtop       000600
__size_of_CCP_timer_init (abs)        000000
__size_of___awdiv        (abs)        000000
__size_of___fladd        (abs)        000000
__size_of___fldiv        (abs)        000000
__size_of___flmul        (abs)        000000
__size_of___flneg        (abs)        000000
__size_of___fltol        (abs)        000000
__size_of___lwdiv        (abs)        000000
__size_of___lwmod        (abs)        000000
__size_of___wmul         (abs)        000000
__size_of___xxtofl       (abs)        000000
__size_of_adc0_init      (abs)        000000
__size_of_adc1_init      (abs)        000000
__size_of_arp_gen        (abs)        000000
__size_of_frexp          (abs)        000000
__size_of_lcd_init       (abs)        000000
__size_of_lcdcmd         (abs)        000000
__size_of_lcddata        (abs)        000000
__size_of_main           (abs)        000000
__size_of_read_adc0      (abs)        000000
__size_of_read_adc1      (abs)        000000
__size_of_round          (abs)        000000
__size_of_screen_setup   (abs)        000000
__size_of_sprintf        (abs)        000000
__size_of_trunc          (abs)        000000
__smallconst             smallconst   000600
_adc0_init               text18       002D06
_adc1_init               text17       002CF0
_arp_gen                 intcode      000008
_base_tone               bssBANK0     0000E7
_bpm                     dataBANK0    0000E3
_dpowers                 smallconst   000673
_errno                   bssCOMRAM    000049
_fosc_val                dataBANK0    0000B6
_fourth_octave           dataBANK1    000100
_frexp                   text8        002872
_lcd_init                text15       002C1A
_lcdcmd                  text16       002CCE
_lcddata                 text5        002CAC
_load_tmr0               bssBANK0     0000E9
_main                    text0        00068C
_main$1602               cstackBANK1  000151
_main$1603               cstackBANK1  000155
_main$559                cstackBANK1  000159
_main$566                cstackBANK1  00015A
_notediv                 dataBANK0    0000B2
_perm_screen_1           dataCOMRAM   00003F
_perm_screen_2           dataCOMRAM   000039
_prescale_tmr0           dataBANK0    0000BD
_prescale_tmr1           dataCOMRAM   000045
_read_adc0               text14       002ADE
_read_adc1               text13       002A86
_round                   text6        0027B8
_screen_setup            text4        002616
_second_octave           dataBANK0    0000BF
_seq_length              dataCOMRAM   000047
_seq_pointer             bssBANK0     0000EB
_sequence_maj            smallconst   000667
_sequence_min            smallconst   00065B
_sprintf                 text1        001F86
_third_octave            dataBANK1    000124
_tone_counts             smallconst   000601
_trunc                   text7        0026F4
_value_1                 bssBANK0     0000E5
btemp                    temp         00004B
end_of_initialization    cinit        002A00
frexp@eptr               cstackCOMRAM 000019
frexp@value              cstackCOMRAM 000015
int$flags                temp         00004B
intlevel0                text         000000
intlevel1                text         000000
intlevel2                text         000000
intlevel3                text         000000
lcdcmd@cmdout            cstackCOMRAM 000016
lcddata@dataout          cstackCOMRAM 000016
main@F3513               dataBANK0    0000BA
main@bpm_array           cstackBANK1  000148
main@data                cstackBANK1  00015F
main@duration            cstackBANK1  00014D
main@i                   cstackBANK1  000162
main@i_584               cstackBANK1  000164
main@iter                cstackBANK1  000166
main@k                   cstackBANK1  00015B
main@k_582               cstackBANK1  00015D
main@value_2             cstackBANK1  000168
read_adc0@high           cstackCOMRAM 00001B
read_adc0@low            cstackCOMRAM 000019
read_adc0@val            cstackCOMRAM 000017
read_adc1@high           cstackCOMRAM 00001B
read_adc1@low            cstackCOMRAM 000019
read_adc1@val            cstackCOMRAM 000017
round@f                  cstackBANK0  0000AC
round@x                  cstackBANK0  0000A8
screen_setup@i           cstackCOMRAM 000017
screen_setup@i_745       cstackCOMRAM 000019
sprintf@ap               cstackCOMRAM 00002B
sprintf@c                cstackCOMRAM 00002F
sprintf@cp               cstackCOMRAM 00002D
sprintf@f                cstackCOMRAM 000023
sprintf@flag             cstackCOMRAM 000027
sprintf@prec             cstackCOMRAM 00002A
sprintf@sp               cstackCOMRAM 000021
sprintf@val              cstackCOMRAM 000028
stackhi                  (abs)        0005FF
stacklo                  (abs)        00016A
start                    init         0001D0
start_initialization     cinit        002990
trunc@expon              cstackBANK0  0000A6
trunc@i                  cstackBANK0  0000A2
trunc@x                  cstackBANK0  00009E
wtemp6                   temp         00004C


FUNCTION INFORMATION:

 *************** function _main *****************
 Defined at:
		line 108 in file "main.c"
 Parameters:    Size  Location     Type
		None
 Auto vars:     Size  Location     Type
  i               2   28[BANK1 ] int 
  k               2   21[BANK1 ] int 
  i               2   26[BANK1 ] int 
  k               2   19[BANK1 ] int 
  bpm_array       5    0[BANK1 ] unsigned char [5]
  duration        4    5[BANK1 ] float 
  data            3   23[BANK1 ] unsigned char [3]
  iter            2   30[BANK1 ] int 
  voltage         4    0        float 
  value_2         2   32[BANK1 ] unsigned int 
  array_value     2    0        int 
 Return value:  Size  Location     Type
                  1    wreg      void 
 Registers used:
		wreg, fsr1l, fsr1h, fsr2l, fsr2h, status,2, status,0, tblptrl, tblptrh, tblptru, prodl, prodh, cstack
 Tracked objects:
		On entry : 
		On exit  : 
		Unchanged: 
 Data sizes:     COMRAM   BANK0   BANK1   BANK2   BANK3   BANK4   BANK5
      Params:         0       0       0       0       0       0       0
      Locals:         0       0      34       0       0       0       0
      Temps:          0       2       0       0       0       0       0
      Totals:         0       2      34       0       0       0       0
Total ram usage:       36 bytes
 Hardware stack levels required when called:    4
 This function calls:
		_CCP_timer_init
		___awdiv
		___fladd
		___fldiv
		___flmul
		___flneg
		___fltol
		___lwdiv
		___wmul
		___xxtofl
		_adc0_init
		_adc1_init
		_lcd_init
		_lcdcmd
		_lcddata
		_read_adc0
		_read_adc1
		_round
		_screen_setup
		_sprintf
 This function is called by:
		Startup code after reset
 This function uses a non-reentrant model


 *************** function _sprintf *****************
 Defined at:
		line 492 in file "D:\Program Files (x86)\Microchip\xc8\v1.43\sources\common\doprnt.c"
 Parameters:    Size  Location     Type
  sp              2   32[COMRAM] PTR unsigned char 
		 -> main@bpm_array(5), main@data(3), 
  f               2   34[COMRAM] PTR const unsigned char 
		 -> STR_4(3), STR_3(3), STR_2(3), STR_1(3), 
 Auto vars:     Size  Location     Type
  tmpval          4    0        struct .
  cp              2   44[COMRAM] PTR const unsigned char 
		 -> STR_5(7), fourth_octave(36), third_octave(36), second_octave(36), 
  ap              2   42[COMRAM] PTR void [1]
		 -> ?_sprintf(2), 
  val             2   39[COMRAM] unsigned int 
  len             2    0        unsigned int 
  c               1   46[COMRAM] char 
  prec            1   41[COMRAM] char 
  flag            1   38[COMRAM] unsigned char 
 Return value:  Size  Location     Type
                  2   32[COMRAM] int 
 Registers used:
		wreg, fsr1l, fsr1h, fsr2l, fsr2h, status,2, status,0, tblptrl, tblptrh, tblptru, prodl, prodh, cstack
 Tracked objects:
		On entry : 
		On exit  : 
		Unchanged: 
 Data sizes:     COMRAM   BANK0   BANK1   BANK2   BANK3   BANK4   BANK5
      Params:         6       0       0       0       0       0       0
      Locals:         9       0       0       0       0       0       0
      Temps:          0       0       0       0       0       0       0
      Totals:        15       0       0       0       0       0       0
Total ram usage:       15 bytes
 Hardware stack levels used:    1
 Hardware stack levels required when called:    2
 This function calls:
		___lwdiv
		___lwmod
 This function is called by:
		_main
 This function uses a non-reentrant model


 *************** function ___lwmod *****************
 Defined at:
		line 8 in file "D:\Program Files (x86)\Microchip\xc8\v1.43\sources\common\lwmod.c"
 Parameters:    Size  Location     Type
  dividend        2   27[COMRAM] unsigned int 
  divisor         2   29[COMRAM] unsigned int 
 Auto vars:     Size  Location     Type
  counter         1   31[COMRAM] unsigned char 
 Return value:  Size  Location     Type
                  2   27[COMRAM] unsigned int 
 Registers used:
		wreg, status,2, status,0
 Tracked objects:
		On entry : 
		On exit  : 
		Unchanged: 
 Data sizes:     COMRAM   BANK0   BANK1   BANK2   BANK3   BANK4   BANK5
      Params:         4       0       0       0       0       0       0
      Locals:         1       0       0       0       0       0       0
      Temps:          0       0       0       0       0       0       0
      Totals:         5       0       0       0       0       0       0
Total ram usage:        5 bytes
 Hardware stack levels used:    1
 Hardware stack levels required when called:    1
 This function calls:
		Nothing
 This function is called by:
		_sprintf
 This function uses a non-reentrant model


 *************** function ___lwdiv *****************
 Defined at:
		line 8 in file "D:\Program Files (x86)\Microchip\xc8\v1.43\sources\common\lwdiv.c"
 Parameters:    Size  Location     Type
  dividend        2   20[COMRAM] unsigned int 
  divisor         2   22[COMRAM] unsigned int 
 Auto vars:     Size  Location     Type
  quotient        2   25[COMRAM] unsigned int 
  counter         1   24[COMRAM] unsigned char 
 Return value:  Size  Location     Type
                  2   20[COMRAM] unsigned int 
 Registers used:
		wreg, status,2, status,0
 Tracked objects:
		On entry : 
		On exit  : 
		Unchanged: 
 Data sizes:     COMRAM   BANK0   BANK1   BANK2   BANK3   BANK4   BANK5
      Params:         4       0       0       0       0       0       0
      Locals:         3       0       0       0       0       0       0
      Temps:          0       0       0       0       0       0       0
      Totals:         7       0       0       0       0       0       0
Total ram usage:        7 bytes
 Hardware stack levels used:    1
 Hardware stack levels required when called:    1
 This function calls:
		Nothing
 This function is called by:
		_main
		_sprintf
 This function uses a non-reentrant model


 *************** function _screen_setup *****************
 Defined at:
		line 53 in file "lcd.c"
 Parameters:    Size  Location     Type
		None
 Auto vars:     Size  Location     Type
  i               2   24[COMRAM] int 
  i               2   22[COMRAM] int 
 Return value:  Size  Location     Type
                  1    wreg      void 
 Registers used:
		wreg, fsr2l, fsr2h, status,2, status,0, cstack
 Tracked objects:
		On entry : 
		On exit  : 
		Unchanged: 
 Data sizes:     COMRAM   BANK0   BANK1   BANK2   BANK3   BANK4   BANK5
      Params:         0       0       0       0       0       0       0
      Locals:         4       0       0       0       0       0       0
      Temps:          0       0       0       0       0       0       0
      Totals:         4       0       0       0       0       0       0
Total ram usage:        4 bytes
 Hardware stack levels used:    1
 Hardware stack levels required when called:    2
 This function calls:
		_lcdcmd
		_lcddata
 This function is called by:
		_main
 This function uses a non-reentrant model


 *************** function _lcddata *****************
 Defined at:
		line 42 in file "lcd.c"
 Parameters:    Size  Location     Type
  dataout         1    wreg     unsigned char 
 Auto vars:     Size  Location     Type
  dataout         1   21[COMRAM] unsigned char 
 Return value:  Size  Location     Type
                  1    wreg      void 
 Registers used:
		wreg, status,2, cstack
 Tracked objects:
		On entry : 
		On exit  : 
		Unchanged: 
 Data sizes:     COMRAM   BANK0   BANK1   BANK2   BANK3   BANK4   BANK5
      Params:         0       0       0       0       0       0       0
      Locals:         1       0       0       0       0       0       0
      Temps:          1       0       0       0       0       0       0
      Totals:         2       0       0       0       0       0       0
Total ram usage:        2 bytes
 Hardware stack levels used:    1
 Hardware stack levels required when called:    1
 This function calls:
		Nothing
 This function is called by:
		_main
		_screen_setup
 This function uses a non-reentrant model


 *************** function _round *****************
 Defined at:
		line 6 in file "D:\Program Files (x86)\Microchip\xc8\v1.43\sources\common\round.c"
 Parameters:    Size  Location     Type
  x               4   72[BANK0 ] void 
 Auto vars:     Size  Location     Type
  f               4   76[BANK0 ] void 
 Return value:  Size  Location     Type
                  4   72[BANK0 ] void 
 Registers used:
		wreg, fsr2l, fsr2h, status,2, status,0, cstack
 Tracked objects:
		On entry : 
		On exit  : 
		Unchanged: 
 Data sizes:     COMRAM   BANK0   BANK1   BANK2   BANK3   BANK4   BANK5
      Params:         0       4       0       0       0       0       0
      Locals:         0       4       0       0       0       0       0
      Temps:          0       0       0       0       0       0       0
      Totals:         0       8       0       0       0       0       0
Total ram usage:        8 bytes
 Hardware stack levels used:    1
 Hardware stack levels required when called:    3
 This function calls:
		___fladd
		___flneg
		_trunc
 This function is called by:
		_main
 This function uses a non-reentrant model


 *************** function _trunc *****************
 Defined at:
		line 13 in file "D:\Program Files (x86)\Microchip\xc8\v1.43\sources\common\trunc.c"
 Parameters:    Size  Location     Type
  x               4   62[BANK0 ] void 
 Auto vars:     Size  Location     Type
  i               4   66[BANK0 ] void 
  expon           2   70[BANK0 ] int 
 Return value:  Size  Location     Type
                  4   62[BANK0 ] int 
 Registers used:
		wreg, fsr2l, fsr2h, status,2, status,0, cstack
 Tracked objects:
		On entry : 
		On exit  : 
		Unchanged: 
 Data sizes:     COMRAM   BANK0   BANK1   BANK2   BANK3   BANK4   BANK5
      Params:         0       4       0       0       0       0       0
      Locals:         0       6       0       0       0       0       0
      Temps:          0       0       0       0       0       0       0
      Totals:         0      10       0       0       0       0       0
Total ram usage:       10 bytes
 Hardware stack levels used:    1
 Hardware stack levels required when called:    2
 This function calls:
		___fltol
		___xxtofl
		_frexp
 This function is called by:
		_round
 This function uses a non-reentrant model


 *************** function _frexp *****************
 Defined at:
		line 254 in file "D:\Program Files (x86)\Microchip\xc8\v1.43\sources\common\frexp.c"
 Parameters:    Size  Location     Type
  value           4   20[COMRAM] int 
  eptr            2   24[COMRAM] PTR int 
		 -> trunc@expon(2), 
 Auto vars:     Size  Location     Type
		None
 Return value:  Size  Location     Type
                  4   20[COMRAM] PTR int 
 Registers used:
		wreg, fsr2l, fsr2h, status,2, status,0
 Tracked objects:
		On entry : 
		On exit  : 
		Unchanged: 
 Data sizes:     COMRAM   BANK0   BANK1   BANK2   BANK3   BANK4   BANK5
      Params:         6       0       0       0       0       0       0
      Locals:         0       0       0       0       0       0       0
      Temps:          2       0       0       0       0       0       0
      Totals:         8       0       0       0       0       0       0
Total ram usage:        8 bytes
 Hardware stack levels used:    1
 Hardware stack levels required when called:    1
 This function calls:
		Nothing
 This function is called by:
		_trunc
 This function uses a non-reentrant model


 *************** function ___xxtofl *****************
 Defined at:
		line 10 in file "D:\Program Files (x86)\Microchip\xc8\v1.43\sources\common\xxtofl.c"
 Parameters:    Size  Location     Type
  sign            1    wreg     unsigned char 
  val             4   20[COMRAM] long 
 Auto vars:     Size  Location     Type
  sign            1   28[COMRAM] unsigned char 
  arg             4   30[COMRAM] unsigned long 
  exp             1   29[COMRAM] unsigned char 
 Return value:  Size  Location     Type
                  4   20[COMRAM] unsigned char 
 Registers used:
		wreg, status,2, status,0
 Tracked objects:
		On entry : 
		On exit  : 
		Unchanged: 
 Data sizes:     COMRAM   BANK0   BANK1   BANK2   BANK3   BANK4   BANK5
      Params:         4       0       0       0       0       0       0
      Locals:         6       0       0       0       0       0       0
      Temps:          4       0       0       0       0       0       0
      Totals:        14       0       0       0       0       0       0
Total ram usage:       14 bytes
 Hardware stack levels used:    1
 Hardware stack levels required when called:    1
 This function calls:
		Nothing
 This function is called by:
		_main
		_trunc
 This function uses a non-reentrant model


 *************** function ___fltol *****************
 Defined at:
		line 43 in file "D:\Program Files (x86)\Microchip\xc8\v1.43\sources\common\fltol.c"
 Parameters:    Size  Location     Type
  f1              4   54[BANK0 ] unsigned char 
 Auto vars:     Size  Location     Type
  exp1            1   55[COMRAM] unsigned char 
  sign1           1   54[COMRAM] unsigned char 
 Return value:  Size  Location     Type
                  4   54[BANK0 ] long 
 Registers used:
		wreg, status,2, status,0
 Tracked objects:
		On entry : 
		On exit  : 
		Unchanged: 
 Data sizes:     COMRAM   BANK0   BANK1   BANK2   BANK3   BANK4   BANK5
      Params:         0       4       0       0       0       0       0
      Locals:         2       0       0       0       0       0       0
      Temps:          0       4       0       0       0       0       0
      Totals:         2       8       0       0       0       0       0
Total ram usage:       10 bytes
 Hardware stack levels used:    1
 Hardware stack levels required when called:    1
 This function calls:
		Nothing
 This function is called by:
		_main
		_trunc
 This function uses a non-reentrant model


 *************** function ___flneg *****************
 Defined at:
		line 15 in file "D:\Program Files (x86)\Microchip\xc8\v1.43\sources\common\flneg.c"
 Parameters:    Size  Location     Type
  f1              4   30[BANK0 ] long 
 Auto vars:     Size  Location     Type
		None
 Return value:  Size  Location     Type
                  4   30[BANK0 ] long 
 Registers used:
		wreg, status,2, status,0
 Tracked objects:
		On entry : 
		On exit  : 
		Unchanged: 
 Data sizes:     COMRAM   BANK0   BANK1   BANK2   BANK3   BANK4   BANK5
      Params:         0       4       0       0       0       0       0
      Locals:         0       0       0       0       0       0       0
      Temps:          0       0       0       0       0       0       0
      Totals:         0       4       0       0       0       0       0
Total ram usage:        4 bytes
 Hardware stack levels used:    1
 Hardware stack levels required when called:    1
 This function calls:
		Nothing
 This function is called by:
		_main
		_round
 This function uses a non-reentrant model


 *************** function ___fladd *****************
 Defined at:
		line 10 in file "D:\Program Files (x86)\Microchip\xc8\v1.43\sources\common\sprcadd.c"
 Parameters:    Size  Location     Type
  b               4   34[BANK0 ] long 
  a               4   38[BANK0 ] long 
 Auto vars:     Size  Location     Type
  grs             1   53[BANK0 ] unsigned char 
  bexp            1   52[BANK0 ] unsigned char 
  aexp            1   51[BANK0 ] unsigned char 
  signs           1   50[BANK0 ] unsigned char 
 Return value:  Size  Location     Type
                  4   34[BANK0 ] unsigned char 
 Registers used:
		wreg, status,2, status,0
 Tracked objects:
		On entry : 
		On exit  : 
		Unchanged: 
 Data sizes:     COMRAM   BANK0   BANK1   BANK2   BANK3   BANK4   BANK5
      Params:         0       8       0       0       0       0       0
      Locals:         0       4       0       0       0       0       0
      Temps:          0       8       0       0       0       0       0
      Totals:         0      20       0       0       0       0       0
Total ram usage:       20 bytes
 Hardware stack levels used:    1
 Hardware stack levels required when called:    1
 This function calls:
		Nothing
 This function is called by:
		_main
		_round
 This function uses a non-reentrant model


 *************** function _read_adc1 *****************
 Defined at:
		line 16 in file "adc.c"
 Parameters:    Size  Location     Type
		None
 Auto vars:     Size  Location     Type
  high            2   26[COMRAM] int 
  low             2   24[COMRAM] int 
  val             2   22[COMRAM] int 
 Return value:  Size  Location     Type
                  2   20[COMRAM] unsigned int 
 Registers used:
		wreg, status,2, status,0
 Tracked objects:
		On entry : 
		On exit  : 
		Unchanged: 
 Data sizes:     COMRAM   BANK0   BANK1   BANK2   BANK3   BANK4   BANK5
      Params:         2       0       0       0       0       0       0
      Locals:         6       0       0       0       0       0       0
      Temps:          0       0       0       0       0       0       0
      Totals:         8       0       0       0       0       0       0
Total ram usage:        8 bytes
 Hardware stack levels used:    1
 Hardware stack levels required when called:    1
 This function calls:
		Nothing
 This function is called by:
		_main
 This function uses a non-reentrant model


 *************** function _read_adc0 *****************
 Defined at:
		line 33 in file "adc.c"
 Parameters:    Size  Location     Type
		None
 Auto vars:     Size  Location     Type
  high            2   26[COMRAM] int 
  low             2   24[COMRAM] int 
  val             2   22[COMRAM] int 
 Return value:  Size  Location     Type
                  2   20[COMRAM] unsigned int 
 Registers used:
		wreg, status,2, status,0
 Tracked objects:
		On entry : 
		On exit  : 
		Unchanged: 
 Data sizes:     COMRAM   BANK0   BANK1   BANK2   BANK3   BANK4   BANK5
      Params:         2       0       0       0       0       0       0
      Locals:         6       0       0       0       0       0       0
      Temps:          0       0       0       0       0       0       0
      Totals:         8       0       0       0       0       0       0
Total ram usage:        8 bytes
 Hardware stack levels used:    1
 Hardware stack levels required when called:    1
 This function calls:
		Nothing
 This function is called by:
		_main
 This function uses a non-reentrant model


 *************** function _lcd_init *****************
 Defined at:
		line 28 in file "lcd.c"
 Parameters:    Size  Location     Type
		None
 Auto vars:     Size  Location     Type
		None
 Return value:  Size  Location     Type
                  1    wreg      void 
 Registers used:
		wreg, status,2, cstack
 Tracked objects:
		On entry : 
		On exit  : 
		Unchanged: 
 Data sizes:     COMRAM   BANK0   BANK1   BANK2   BANK3   BANK4   BANK5
      Params:         0       0       0       0       0       0       0
      Locals:         0       0       0       0       0       0       0
      Temps:          0       0       0       0       0       0       0
      Totals:         0       0       0       0       0       0       0
Total ram usage:        0 bytes
 Hardware stack levels used:    1
 Hardware stack levels required when called:    2
 This function calls:
		_lcdcmd
 This function is called by:
		_main
 This function uses a non-reentrant model


 *************** function _lcdcmd *****************
 Defined at:
		line 17 in file "lcd.c"
 Parameters:    Size  Location     Type
  cmdout          1    wreg     unsigned char 
 Auto vars:     Size  Location     Type
  cmdout          1   21[COMRAM] unsigned char 
 Return value:  Size  Location     Type
                  1    wreg      void 
 Registers used:
		wreg, status,2, cstack
 Tracked objects:
		On entry : 
		On exit  : 
		Unchanged: 
 Data sizes:     COMRAM   BANK0   BANK1   BANK2   BANK3   BANK4   BANK5
      Params:         0       0       0       0       0       0       0
      Locals:         1       0       0       0       0       0       0
      Temps:          1       0       0       0       0       0       0
      Totals:         2       0       0       0       0       0       0
Total ram usage:        2 bytes
 Hardware stack levels used:    1
 Hardware stack levels required when called:    1
 This function calls:
		Nothing
 This function is called by:
		_main
		_lcd_init
		_screen_setup
 This function uses a non-reentrant model


 *************** function _adc1_init *****************
 Defined at:
		line 60 in file "adc.c"
 Parameters:    Size  Location     Type
		None
 Auto vars:     Size  Location     Type
		None
 Return value:  Size  Location     Type
                  1    wreg      void 
 Registers used:
		wreg, status,2
 Tracked objects:
		On entry : 
		On exit  : 
		Unchanged: 
 Data sizes:     COMRAM   BANK0   BANK1   BANK2   BANK3   BANK4   BANK5
      Params:         0       0       0       0       0       0       0
      Locals:         0       0       0       0       0       0       0
      Temps:          0       0       0       0       0       0       0
      Totals:         0       0       0       0       0       0       0
Total ram usage:        0 bytes
 Hardware stack levels used:    1
 Hardware stack levels required when called:    1
 This function calls:
		Nothing
 This function is called by:
		_main
 This function uses a non-reentrant model


 *************** function _adc0_init *****************
 Defined at:
		line 50 in file "adc.c"
 Parameters:    Size  Location     Type
		None
 Auto vars:     Size  Location     Type
		None
 Return value:  Size  Location     Type
                  1    wreg      void 
 Registers used:
		wreg, status,2
 Tracked objects:
		On entry : 
		On exit  : 
		Unchanged: 
 Data sizes:     COMRAM   BANK0   BANK1   BANK2   BANK3   BANK4   BANK5
      Params:         0       0       0       0       0       0       0
      Locals:         0       0       0       0       0       0       0
      Temps:          0       0       0       0       0       0       0
      Totals:         0       0       0       0       0       0       0
Total ram usage:        0 bytes
 Hardware stack levels used:    1
 Hardware stack levels required when called:    1
 This function calls:
		Nothing
 This function is called by:
		_main
 This function uses a non-reentrant model


 *************** function ___wmul *****************
 Defined at:
		line 15 in file "D:\Program Files (x86)\Microchip\xc8\v1.43\sources\common\Umul16.c"
 Parameters:    Size  Location     Type
  multiplier      2   20[COMRAM] unsigned int 
  multiplicand    2   22[COMRAM] unsigned int 
 Auto vars:     Size  Location     Type
  product         2   24[COMRAM] unsigned int 
 Return value:  Size  Location     Type
                  2   20[COMRAM] unsigned int 
 Registers used:
		wreg, status,2, status,0, prodl, prodh
 Tracked objects:
		On entry : 
		On exit  : 
		Unchanged: 
 Data sizes:     COMRAM   BANK0   BANK1   BANK2   BANK3   BANK4   BANK5
      Params:         4       0       0       0       0       0       0
      Locals:         2       0       0       0       0       0       0
      Temps:          0       0       0       0       0       0       0
      Totals:         6       0       0       0       0       0       0
Total ram usage:        6 bytes
 Hardware stack levels used:    1
 Hardware stack levels required when called:    1
 This function calls:
		Nothing
 This function is called by:
		_main
 This function uses a non-reentrant model


 *************** function ___flmul *****************
 Defined at:
		line 8 in file "D:\Program Files (x86)\Microchip\xc8\v1.43\sources\common\sprcmul.c"
 Parameters:    Size  Location     Type
  b               4   34[COMRAM] unsigned int 
  a               4   38[COMRAM] unsigned int 
 Auto vars:     Size  Location     Type
  prod            4    7[BANK0 ] struct .
  grs             4    2[BANK0 ] unsigned long 
  temp            2   11[BANK0 ] struct .
  bexp            1    6[BANK0 ] unsigned char 
  aexp            1    1[BANK0 ] unsigned char 
  sign            1    0[BANK0 ] unsigned char 
 Return value:  Size  Location     Type
                  4   34[COMRAM] unsigned char 
 Registers used:
		wreg, status,2, status,0, prodl, prodh
 Tracked objects:
		On entry : 
		On exit  : 
		Unchanged: 
 Data sizes:     COMRAM   BANK0   BANK1   BANK2   BANK3   BANK4   BANK5
      Params:         8       0       0       0       0       0       0
      Locals:         0      13       0       0       0       0       0
      Temps:          4       0       0       0       0       0       0
      Totals:        12      13       0       0       0       0       0
Total ram usage:       25 bytes
 Hardware stack levels used:    1
 Hardware stack levels required when called:    1
 This function calls:
		Nothing
 This function is called by:
		_main
 This function uses a non-reentrant model


 *************** function ___fldiv *****************
 Defined at:
		line 11 in file "D:\Program Files (x86)\Microchip\xc8\v1.43\sources\common\sprcdiv.c"
 Parameters:    Size  Location     Type
  b               4   46[COMRAM] unsigned char 
  a               4   50[COMRAM] unsigned char 
 Auto vars:     Size  Location     Type
  grs             4   24[BANK0 ] unsigned long 
  rem             4   18[BANK0 ] unsigned long 
  new_exp         2   22[BANK0 ] int 
  aexp            1   29[BANK0 ] unsigned char 
  bexp            1   28[BANK0 ] unsigned char 
  sign            1   17[BANK0 ] unsigned char 
 Return value:  Size  Location     Type
                  4   46[COMRAM] unsigned char 
 Registers used:
		wreg, status,2, status,0
 Tracked objects:
		On entry : 
		On exit  : 
		Unchanged: 
 Data sizes:     COMRAM   BANK0   BANK1   BANK2   BANK3   BANK4   BANK5
      Params:         8       0       0       0       0       0       0
      Locals:         0      13       0       0       0       0       0
      Temps:          0       4       0       0       0       0       0
      Totals:         8      17       0       0       0       0       0
Total ram usage:       25 bytes
 Hardware stack levels used:    1
 Hardware stack levels required when called:    1
 This function calls:
		Nothing
 This function is called by:
		_main
 This function uses a non-reentrant model


 *************** function ___awdiv *****************
 Defined at:
		line 8 in file "D:\Program Files (x86)\Microchip\xc8\v1.43\sources\common\awdiv.c"
 Parameters:    Size  Location     Type
  dividend        2   20[COMRAM] int 
  divisor         2   22[COMRAM] int 
 Auto vars:     Size  Location     Type
  quotient        2   26[COMRAM] int 
  sign            1   25[COMRAM] unsigned char 
  counter         1   24[COMRAM] unsigned char 
 Return value:  Size  Location     Type
                  2   20[COMRAM] int 
 Registers used:
		wreg, status,2, status,0
 Tracked objects:
		On entry : 
		On exit  : 
		Unchanged: 
 Data sizes:     COMRAM   BANK0   BANK1   BANK2   BANK3   BANK4   BANK5
      Params:         4       0       0       0       0       0       0
      Locals:         4       0       0       0       0       0       0
      Temps:          0       0       0       0       0       0       0
      Totals:         8       0       0       0       0       0       0
Total ram usage:        8 bytes
 Hardware stack levels used:    1
 Hardware stack levels required when called:    1
 This function calls:
		Nothing
 This function is called by:
		_main
 This function uses a non-reentrant model


 *************** function _CCP_timer_init *****************
 Defined at:
		line 265 in file "main.c"
 Parameters:    Size  Location     Type
		None
 Auto vars:     Size  Location     Type
		None
 Return value:  Size  Location     Type
                  1    wreg      void 
 Registers used:
		wreg, status,2
 Tracked objects:
		On entry : 
		On exit  : 
		Unchanged: 
 Data sizes:     COMRAM   BANK0   BANK1   BANK2   BANK3   BANK4   BANK5
      Params:         0       0       0       0       0       0       0
      Locals:         0       0       0       0       0       0       0
      Temps:          0       0       0       0       0       0       0
      Totals:         0       0       0       0       0       0       0
Total ram usage:        0 bytes
 Hardware stack levels used:    1
 Hardware stack levels required when called:    1
 This function calls:
		Nothing
 This function is called by:
		_main
 This function uses a non-reentrant model


 *************** function _arp_gen *****************
 Defined at:
		line 78 in file "main.c"
 Parameters:    Size  Location     Type
		None
 Auto vars:     Size  Location     Type
		None
 Return value:  Size  Location     Type
                  1    wreg      void 
 Registers used:
		wreg, status,2, status,0, tblptrl, tblptrh, tblptru
 Tracked objects:
		On entry : 
		On exit  : 
		Unchanged: 
 Data sizes:     COMRAM   BANK0   BANK1   BANK2   BANK3   BANK4   BANK5
      Params:         0       0       0       0       0       0       0
      Locals:         0       0       0       0       0       0       0
      Temps:         20       0       0       0       0       0       0
      Totals:        20       0       0       0       0       0       0
Total ram usage:       20 bytes
 Hardware stack levels used:    1
 This function calls:
		Nothing
 This function is called by:
		Interrupt level 2
 This function uses a non-reentrant model



MODULE INFORMATION

Module		Function		Class		Link	Load	Size
D:\Program Files (x86)\Microchip\xc8\v1.43\sources\common\sprcmul.c
		___flmul       		CODE           	1562	0000	1367

D:\Program Files (x86)\Microchip\xc8\v1.43\sources\common\sprcmul.c estimated size: 1367

D:\Program Files (x86)\Microchip\xc8\v1.43\sources\common\sprcdiv.c
		___fldiv       		CODE           	1AB8	0000	1231

D:\Program Files (x86)\Microchip\xc8\v1.43\sources\common\sprcdiv.c estimated size: 1231

D:\Program Files (x86)\Microchip\xc8\v1.43\sources\common\awdiv.c
		___awdiv       		CODE           	252A	0000	237

D:\Program Files (x86)\Microchip\xc8\v1.43\sources\common\awdiv.c estimated size: 237

D:\Program Files (x86)\Microchip\xc8\v1.43\sources\common\trunc.c
		_trunc         		CODE           	26F4	0000	197

D:\Program Files (x86)\Microchip\xc8\v1.43\sources\common\trunc.c estimated size: 197

D:\Program Files (x86)\Microchip\xc8\v1.43\sources\common\doprnt.c
		_sprintf       		CODE           	1F86	0000	599

D:\Program Files (x86)\Microchip\xc8\v1.43\sources\common\doprnt.c estimated size: 599

D:\Program Files (x86)\Microchip\xc8\v1.43\sources\common\flneg.c
		___flneg       		CODE           	2B88	0000	75

D:\Program Files (x86)\Microchip\xc8\v1.43\sources\common\flneg.c estimated size: 75

D:\Program Files (x86)\Microchip\xc8\v1.43\sources\common\round.c
		_round         		CODE           	27B8	0000	187

D:\Program Files (x86)\Microchip\xc8\v1.43\sources\common\round.c estimated size: 187

D:\Program Files (x86)\Microchip\xc8\v1.43\sources\common\sprcadd.c
		___fladd       		CODE           	0E62	0000	1793

D:\Program Files (x86)\Microchip\xc8\v1.43\sources\common\sprcadd.c estimated size: 1793

D:\Program Files (x86)\Microchip\xc8\v1.43\sources\common\lwmod.c
		___lwmod       		CODE           	2A0E	0000	121

D:\Program Files (x86)\Microchip\xc8\v1.43\sources\common\lwmod.c estimated size: 121

adc.c
		_read_adc0     		CODE           	2ADE	0000	89
		_read_adc1     		CODE           	2A86	0000	89
		_adc0_init     		CODE           	2D06	0000	23
		_adc1_init     		CODE           	2CF0	0000	23

adc.c estimated size: 224

D:\Program Files (x86)\Microchip\xc8\v1.43\sources\common\Umul16.c
		___wmul        		CODE           	2C82	0000	43

D:\Program Files (x86)\Microchip\xc8\v1.43\sources\common\Umul16.c estimated size: 43

D:\Program Files (x86)\Microchip\xc8\v1.43\sources\common\frexp.c
		_frexp         		CODE           	2872	0000	151

D:\Program Files (x86)\Microchip\xc8\v1.43\sources\common\frexp.c estimated size: 151

shared
		_dpowers       		SMALLCONST     	0673	0000	11
		__initialization		CODE           	2990	0000	113
		_sequence_maj  		SMALLCONST     	0667	0000	13
		_sequence_min  		SMALLCONST     	065B	0000	13
		_tone_counts   		SMALLCONST     	0601	0000	91

shared estimated size: 241

lcd.c
		_lcdcmd        		CODE           	2CCE	0000	35
		_lcddata       		CODE           	2CAC	0000	35
		_screen_setup  		CODE           	2616	0000	223
		_lcd_init      		CODE           	2C1A	0000	53

lcd.c estimated size: 346

D:\Program Files (x86)\Microchip\xc8\v1.43\sources\common\lwdiv.c
		___lwdiv       		CODE           	2908	0000	137

D:\Program Files (x86)\Microchip\xc8\v1.43\sources\common\lwdiv.c estimated size: 137

D:\Program Files (x86)\Microchip\xc8\v1.43\sources\common\fltol.c
		___fltol       		CODE           	23C2	0000	361

D:\Program Files (x86)\Microchip\xc8\v1.43\sources\common\fltol.c estimated size: 361

main.c
		_CCP_timer_init		CODE           	2B36	0000	83
		_main          		CODE           	068C	0000	2007
		_arp_gen       		CODE           	0008	0000	457

main.c estimated size: 2547

D:\Program Files (x86)\Microchip\xc8\v1.43\sources\common\xxtofl.c
		___xxtofl      		CODE           	21DC	0000	487

D:\Program Files (x86)\Microchip\xc8\v1.43\sources\common\xxtofl.c estimated size: 487

